--- START ---
[FAIL] GET Standard: Status 401 - Data: {"data":{},"meta":{},"errors":[{"code":"authorization.exception","desc":"You are not authorized to access this resource","hint":null,"args":null}],"notices":[],"warnings":[],"status":"error"}
[FAIL] GET NoHeader SignJSON: Status 401 - Data: {"data":{},"meta":{},"errors":[{"code":"OpenApiAuth.api.key.invalid","desc":"OpenApiAuth.api.key.invalid","hint":null,"args":null}],"notices":[],"warnings":[],"status":"error"}
[FAIL] POST Standard: Status 405 - Data: "<?xml version=\"1.0\" encoding=\"utf-8\"?>\n<!doctype html>\n<meta http-equiv=\"Content-Type\" content=\"text/html; charset=utf-8\"/>\n<title>Error</title>\n<style>\n  body { text-align: center; padding: 150px; }\n  h1 { font-size: 50px; }\n  body { font: 20px Helvetica, sans-serif; color: #333; }\n  article { display: block; text-align: left; width: 650px; margin: 0 auto; }\n  a { color: #dc8100; text-decoration: none; }\n  a:hover { color: #333; text-decoration: none; }\n  p { margin: 0; }\n  .errorCode { position: absolute; margin: 0 auto; left: 50%; transform: translateX(-50%); font-size: 220px; color: #e5e5e5; z-index: -1;}\n</style>\n<article>\n    <h1 id=\"errorCode\" class=\"errorCode\">405</h1>\n    <h1>We have had an error</h1>\n    <div>\n        <p>Sorry, looks like something went wrong.</p>\n        <p>We recommend you call our Support team at +6221 319 22867.</p>\n        <p>Or email at <a href=\"mailto:support@gaji.id\">support@gaji.id</a></p>\n        <p>We would be happy to help you.</p>\n        <h5 id=\"printDate\">[+]</h5>\n    </div>\n</article>\n<script type=\"text/javascript\">\n    document.getElementById(\"printDate\").innerHTML = new Date();\n</script>\n© gaji.id\n"
--- END ---
